// Jest Snapshot v1, https://goo.gl/fbAQLP

exports[`matches snapshot 1`] = `
<div
  class="tilediv"
>
  <div
    class="content-holder"
  >
    <div
      class="date"
    >
      2020-01-01
    </div>
    <div>
      <div
        class="icon-holder"
      >
        <link
          href="https://fonts.sandbox.google.com/css2?family=Material+Symbols+Outlined:opsz,wght,FILL,GRAD@48,400,0,0"
          rel="stylesheet"
        />
        <span
          class="material-symbols-outlined"
        >
          sunny
        </span>
      </div>
      <div
        class="temperature-holder"
      >
        22Â°C
      </div>
    </div>
  </div>
</div>
`;
