// Jest Snapshot v1, https://goo.gl/fbAQLP

exports[`matches snapshot 1`] = `
<div
  className="theGraph"
>
  <div
    className="recharts-wrapper"
    onMouseEnter={[Function]}
    onMouseLeave={[Function]}
    onMouseMove={[Function]}
    onTouchEnd={[Function]}
    onTouchMove={[Function]}
    onTouchStart={[Function]}
    style={
      Object {
        "cursor": "default",
        "height": 300,
        "position": "relative",
        "width": 1000,
      }
    }
  >
    <svg
      className="recharts-surface"
      height={300}
      version="1.1"
      viewBox="0 0 1000 300"
      width={1000}
    >
      <defs>
        <clipPath
          id="recharts4-clip"
        >
          <rect
            height={260}
            width={890}
            x={80}
            y={5}
          />
        </clipPath>
      </defs>
      <g
        className="recharts-layer recharts-cartesian-axis recharts-yAxis yAxis"
      >
        <line
          className="recharts-cartesian-axis-line"
          fill="none"
          height={260}
          orientation="left"
          stroke="#666"
          type="number"
          width={60}
          x={20}
          x1={80}
          x2={80}
          y={5}
          y1={5}
          y2={265}
        />
        <g
          className="recharts-cartesian-axis-ticks"
        >
          <g
            className="recharts-layer recharts-cartesian-axis-tick"
          >
            <line
              className="recharts-cartesian-axis-tick-line"
              fill="none"
              height={260}
              orientation="left"
              stroke="#666"
              type="number"
              width={60}
              x={20}
              x1={74}
              x2={80}
              y={5}
              y1={265}
              y2={265}
            />
            <text
              className="recharts-text recharts-cartesian-axis-tick-value"
              fill="#666"
              height={260}
              orientation="left"
              stroke="none"
              textAnchor="end"
              type="number"
              width={60}
              x={72}
              y={265}
            >
              <tspan
                dy="0.355em"
                x={72}
              >
                0
              </tspan>
            </text>
          </g>
          <g
            className="recharts-layer recharts-cartesian-axis-tick"
          >
            <line
              className="recharts-cartesian-axis-tick-line"
              fill="none"
              height={260}
              orientation="left"
              stroke="#666"
              type="number"
              width={60}
              x={20}
              x1={74}
              x2={80}
              y={5}
              y1={200}
              y2={200}
            />
            <text
              className="recharts-text recharts-cartesian-axis-tick-value"
              fill="#666"
              height={260}
              orientation="left"
              stroke="none"
              textAnchor="end"
              type="number"
              width={60}
              x={72}
              y={200}
            >
              <tspan
                dy="0.355em"
                x={72}
              >
                6
              </tspan>
            </text>
          </g>
          <g
            className="recharts-layer recharts-cartesian-axis-tick"
          >
            <line
              className="recharts-cartesian-axis-tick-line"
              fill="none"
              height={260}
              orientation="left"
              stroke="#666"
              type="number"
              width={60}
              x={20}
              x1={74}
              x2={80}
              y={5}
              y1={135}
              y2={135}
            />
            <text
              className="recharts-text recharts-cartesian-axis-tick-value"
              fill="#666"
              height={260}
              orientation="left"
              stroke="none"
              textAnchor="end"
              type="number"
              width={60}
              x={72}
              y={135}
            >
              <tspan
                dy="0.355em"
                x={72}
              >
                12
              </tspan>
            </text>
          </g>
          <g
            className="recharts-layer recharts-cartesian-axis-tick"
          >
            <line
              className="recharts-cartesian-axis-tick-line"
              fill="none"
              height={260}
              orientation="left"
              stroke="#666"
              type="number"
              width={60}
              x={20}
              x1={74}
              x2={80}
              y={5}
              y1={70}
              y2={70}
            />
            <text
              className="recharts-text recharts-cartesian-axis-tick-value"
              fill="#666"
              height={260}
              orientation="left"
              stroke="none"
              textAnchor="end"
              type="number"
              width={60}
              x={72}
              y={70}
            >
              <tspan
                dy="0.355em"
                x={72}
              >
                18
              </tspan>
            </text>
          </g>
          <g
            className="recharts-layer recharts-cartesian-axis-tick"
          >
            <line
              className="recharts-cartesian-axis-tick-line"
              fill="none"
              height={260}
              orientation="left"
              stroke="#666"
              type="number"
              width={60}
              x={20}
              x1={74}
              x2={80}
              y={5}
              y1={5}
              y2={5}
            />
            <text
              className="recharts-text recharts-cartesian-axis-tick-value"
              fill="#666"
              height={260}
              orientation="left"
              stroke="none"
              textAnchor="end"
              type="number"
              width={60}
              x={72}
              y={5}
            >
              <tspan
                dy="0.355em"
                x={72}
              >
                24
              </tspan>
            </text>
          </g>
        </g>
        <text
          className="recharts-text recharts-label"
          fill="rgb(129, 106, 235)"
          offset={5}
          textAnchor="start"
          x={25}
          y={135}
        >
          <tspan
            dy="0.355em"
            x={25}
          >
            Â°C
          </tspan>
        </text>
      </g>
      <g
        className="recharts-cartesian-grid"
      >
        <g
          className="recharts-cartesian-grid-horizontal"
        >
          <line
            fill="none"
            height={260}
            offset={
              Object {
                "bottom": 35,
                "brushBottom": 35,
                "height": 260,
                "left": 80,
                "right": 30,
                "top": 5,
                "width": 890,
              }
            }
            stroke="#ccc"
            strokeDasharray="3 3"
            width={890}
            x={80}
            x1={80}
            x2={970}
            y={5}
            y1={265}
            y2={265}
          />
          <line
            fill="none"
            height={260}
            offset={
              Object {
                "bottom": 35,
                "brushBottom": 35,
                "height": 260,
                "left": 80,
                "right": 30,
                "top": 5,
                "width": 890,
              }
            }
            stroke="#ccc"
            strokeDasharray="3 3"
            width={890}
            x={80}
            x1={80}
            x2={970}
            y={5}
            y1={200}
            y2={200}
          />
          <line
            fill="none"
            height={260}
            offset={
              Object {
                "bottom": 35,
                "brushBottom": 35,
                "height": 260,
                "left": 80,
                "right": 30,
                "top": 5,
                "width": 890,
              }
            }
            stroke="#ccc"
            strokeDasharray="3 3"
            width={890}
            x={80}
            x1={80}
            x2={970}
            y={5}
            y1={135}
            y2={135}
          />
          <line
            fill="none"
            height={260}
            offset={
              Object {
                "bottom": 35,
                "brushBottom": 35,
                "height": 260,
                "left": 80,
                "right": 30,
                "top": 5,
                "width": 890,
              }
            }
            stroke="#ccc"
            strokeDasharray="3 3"
            width={890}
            x={80}
            x1={80}
            x2={970}
            y={5}
            y1={70}
            y2={70}
          />
          <line
            fill="none"
            height={260}
            offset={
              Object {
                "bottom": 35,
                "brushBottom": 35,
                "height": 260,
                "left": 80,
                "right": 30,
                "top": 5,
                "width": 890,
              }
            }
            stroke="#ccc"
            strokeDasharray="3 3"
            width={890}
            x={80}
            x1={80}
            x2={970}
            y={5}
            y1={5}
            y2={5}
          />
        </g>
        <g
          className="recharts-cartesian-grid-vertical"
        >
          <line
            fill="none"
            height={260}
            offset={
              Object {
                "bottom": 35,
                "brushBottom": 35,
                "height": 260,
                "left": 80,
                "right": 30,
                "top": 5,
                "width": 890,
              }
            }
            stroke="#ccc"
            strokeDasharray="3 3"
            width={890}
            x={80}
            x1={80}
            x2={80}
            y={5}
            y1={5}
            y2={265}
          />
          <line
            fill="none"
            height={260}
            offset={
              Object {
                "bottom": 35,
                "brushBottom": 35,
                "height": 260,
                "left": 80,
                "right": 30,
                "top": 5,
                "width": 890,
              }
            }
            stroke="#ccc"
            strokeDasharray="3 3"
            width={890}
            x={80}
            x1={228.33333333333334}
            x2={228.33333333333334}
            y={5}
            y1={5}
            y2={265}
          />
          <line
            fill="none"
            height={260}
            offset={
              Object {
                "bottom": 35,
                "brushBottom": 35,
                "height": 260,
                "left": 80,
                "right": 30,
                "top": 5,
                "width": 890,
              }
            }
            stroke="#ccc"
            strokeDasharray="3 3"
            width={890}
            x={80}
            x1={376.6666666666667}
            x2={376.6666666666667}
            y={5}
            y1={5}
            y2={265}
          />
          <line
            fill="none"
            height={260}
            offset={
              Object {
                "bottom": 35,
                "brushBottom": 35,
                "height": 260,
                "left": 80,
                "right": 30,
                "top": 5,
                "width": 890,
              }
            }
            stroke="#ccc"
            strokeDasharray="3 3"
            width={890}
            x={80}
            x1={525}
            x2={525}
            y={5}
            y1={5}
            y2={265}
          />
          <line
            fill="none"
            height={260}
            offset={
              Object {
                "bottom": 35,
                "brushBottom": 35,
                "height": 260,
                "left": 80,
                "right": 30,
                "top": 5,
                "width": 890,
              }
            }
            stroke="#ccc"
            strokeDasharray="3 3"
            width={890}
            x={80}
            x1={673.3333333333334}
            x2={673.3333333333334}
            y={5}
            y1={5}
            y2={265}
          />
          <line
            fill="none"
            height={260}
            offset={
              Object {
                "bottom": 35,
                "brushBottom": 35,
                "height": 260,
                "left": 80,
                "right": 30,
                "top": 5,
                "width": 890,
              }
            }
            stroke="#ccc"
            strokeDasharray="3 3"
            width={890}
            x={80}
            x1={821.6666666666667}
            x2={821.6666666666667}
            y={5}
            y1={5}
            y2={265}
          />
          <line
            fill="none"
            height={260}
            offset={
              Object {
                "bottom": 35,
                "brushBottom": 35,
                "height": 260,
                "left": 80,
                "right": 30,
                "top": 5,
                "width": 890,
              }
            }
            stroke="#ccc"
            strokeDasharray="3 3"
            width={890}
            x={80}
            x1={970}
            x2={970}
            y={5}
            y1={5}
            y2={265}
          />
        </g>
      </g>
      <g
        className="recharts-layer recharts-cartesian-axis recharts-xAxis xAxis"
      >
        <line
          className="recharts-cartesian-axis-line"
          fill="none"
          height={30}
          orientation="bottom"
          stroke="#666"
          type="category"
          width={890}
          x={80}
          x1={80}
          x2={970}
          y={265}
          y1={265}
          y2={265}
        />
        <g
          className="recharts-cartesian-axis-ticks"
        >
          <g
            className="recharts-layer recharts-cartesian-axis-tick"
          >
            <line
              className="recharts-cartesian-axis-tick-line"
              fill="none"
              height={30}
              orientation="bottom"
              stroke="#666"
              type="category"
              width={890}
              x={80}
              x1={80}
              x2={80}
              y={265}
              y1={271}
              y2={265}
            />
            <text
              className="recharts-text recharts-cartesian-axis-tick-value"
              fill="#666"
              height={30}
              orientation="bottom"
              stroke="none"
              textAnchor="middle"
              type="category"
              width={890}
              x={80}
              y={273}
            >
              <tspan
                dy="0.71em"
                x={80}
              >
                Mon
              </tspan>
            </text>
          </g>
          <g
            className="recharts-layer recharts-cartesian-axis-tick"
          >
            <line
              className="recharts-cartesian-axis-tick-line"
              fill="none"
              height={30}
              orientation="bottom"
              stroke="#666"
              type="category"
              width={890}
              x={80}
              x1={228.33333333333334}
              x2={228.33333333333334}
              y={265}
              y1={271}
              y2={265}
            />
            <text
              className="recharts-text recharts-cartesian-axis-tick-value"
              fill="#666"
              height={30}
              orientation="bottom"
              stroke="none"
              textAnchor="middle"
              type="category"
              width={890}
              x={228.33333333333334}
              y={273}
            >
              <tspan
                dy="0.71em"
                x={228.33333333333334}
              >
                Tue
              </tspan>
            </text>
          </g>
          <g
            className="recharts-layer recharts-cartesian-axis-tick"
          >
            <line
              className="recharts-cartesian-axis-tick-line"
              fill="none"
              height={30}
              orientation="bottom"
              stroke="#666"
              type="category"
              width={890}
              x={80}
              x1={376.6666666666667}
              x2={376.6666666666667}
              y={265}
              y1={271}
              y2={265}
            />
            <text
              className="recharts-text recharts-cartesian-axis-tick-value"
              fill="#666"
              height={30}
              orientation="bottom"
              stroke="none"
              textAnchor="middle"
              type="category"
              width={890}
              x={376.6666666666667}
              y={273}
            >
              <tspan
                dy="0.71em"
                x={376.6666666666667}
              >
                Wed
              </tspan>
            </text>
          </g>
          <g
            className="recharts-layer recharts-cartesian-axis-tick"
          >
            <line
              className="recharts-cartesian-axis-tick-line"
              fill="none"
              height={30}
              orientation="bottom"
              stroke="#666"
              type="category"
              width={890}
              x={80}
              x1={525}
              x2={525}
              y={265}
              y1={271}
              y2={265}
            />
            <text
              className="recharts-text recharts-cartesian-axis-tick-value"
              fill="#666"
              height={30}
              orientation="bottom"
              stroke="none"
              textAnchor="middle"
              type="category"
              width={890}
              x={525}
              y={273}
            >
              <tspan
                dy="0.71em"
                x={525}
              >
                Thur
              </tspan>
            </text>
          </g>
          <g
            className="recharts-layer recharts-cartesian-axis-tick"
          >
            <line
              className="recharts-cartesian-axis-tick-line"
              fill="none"
              height={30}
              orientation="bottom"
              stroke="#666"
              type="category"
              width={890}
              x={80}
              x1={673.3333333333334}
              x2={673.3333333333334}
              y={265}
              y1={271}
              y2={265}
            />
            <text
              className="recharts-text recharts-cartesian-axis-tick-value"
              fill="#666"
              height={30}
              orientation="bottom"
              stroke="none"
              textAnchor="middle"
              type="category"
              width={890}
              x={673.3333333333334}
              y={273}
            >
              <tspan
                dy="0.71em"
                x={673.3333333333334}
              >
                Fri
              </tspan>
            </text>
          </g>
          <g
            className="recharts-layer recharts-cartesian-axis-tick"
          >
            <line
              className="recharts-cartesian-axis-tick-line"
              fill="none"
              height={30}
              orientation="bottom"
              stroke="#666"
              type="category"
              width={890}
              x={80}
              x1={821.6666666666667}
              x2={821.6666666666667}
              y={265}
              y1={271}
              y2={265}
            />
            <text
              className="recharts-text recharts-cartesian-axis-tick-value"
              fill="#666"
              height={30}
              orientation="bottom"
              stroke="none"
              textAnchor="middle"
              type="category"
              width={890}
              x={821.6666666666667}
              y={273}
            >
              <tspan
                dy="0.71em"
                x={821.6666666666667}
              >
                Sat
              </tspan>
            </text>
          </g>
          <g
            className="recharts-layer recharts-cartesian-axis-tick"
          >
            <line
              className="recharts-cartesian-axis-tick-line"
              fill="none"
              height={30}
              orientation="bottom"
              stroke="#666"
              type="category"
              width={890}
              x={80}
              x1={970}
              x2={970}
              y={265}
              y1={271}
              y2={265}
            />
            <text
              className="recharts-text recharts-cartesian-axis-tick-value"
              fill="#666"
              height={30}
              orientation="bottom"
              stroke="none"
              textAnchor="middle"
              type="category"
              width={890}
              x={970}
              y={273}
            >
              <tspan
                dy="0.71em"
                x={970}
              >
                Sun
              </tspan>
            </text>
          </g>
        </g>
      </g>
      <g
        className="recharts-layer recharts-cartesian-axis recharts-yAxis yAxis"
      >
        <line
          className="recharts-cartesian-axis-line"
          fill="none"
          height={260}
          orientation="left"
          stroke="#666"
          type="number"
          width={60}
          x={20}
          x1={80}
          x2={80}
          y={5}
          y1={5}
          y2={265}
        />
        <g
          className="recharts-cartesian-axis-ticks"
        >
          <g
            className="recharts-layer recharts-cartesian-axis-tick"
          >
            <line
              className="recharts-cartesian-axis-tick-line"
              fill="none"
              height={260}
              orientation="left"
              stroke="#666"
              type="number"
              width={60}
              x={20}
              x1={74}
              x2={80}
              y={5}
              y1={265}
              y2={265}
            />
            <text
              className="recharts-text recharts-cartesian-axis-tick-value"
              fill="#666"
              height={260}
              orientation="left"
              stroke="none"
              textAnchor="end"
              type="number"
              width={60}
              x={72}
              y={265}
            >
              <tspan
                dy="0.355em"
                x={72}
              >
                0
              </tspan>
            </text>
          </g>
          <g
            className="recharts-layer recharts-cartesian-axis-tick"
          >
            <line
              className="recharts-cartesian-axis-tick-line"
              fill="none"
              height={260}
              orientation="left"
              stroke="#666"
              type="number"
              width={60}
              x={20}
              x1={74}
              x2={80}
              y={5}
              y1={200}
              y2={200}
            />
            <text
              className="recharts-text recharts-cartesian-axis-tick-value"
              fill="#666"
              height={260}
              orientation="left"
              stroke="none"
              textAnchor="end"
              type="number"
              width={60}
              x={72}
              y={200}
            >
              <tspan
                dy="0.355em"
                x={72}
              >
                6
              </tspan>
            </text>
          </g>
          <g
            className="recharts-layer recharts-cartesian-axis-tick"
          >
            <line
              className="recharts-cartesian-axis-tick-line"
              fill="none"
              height={260}
              orientation="left"
              stroke="#666"
              type="number"
              width={60}
              x={20}
              x1={74}
              x2={80}
              y={5}
              y1={135}
              y2={135}
            />
            <text
              className="recharts-text recharts-cartesian-axis-tick-value"
              fill="#666"
              height={260}
              orientation="left"
              stroke="none"
              textAnchor="end"
              type="number"
              width={60}
              x={72}
              y={135}
            >
              <tspan
                dy="0.355em"
                x={72}
              >
                12
              </tspan>
            </text>
          </g>
          <g
            className="recharts-layer recharts-cartesian-axis-tick"
          >
            <line
              className="recharts-cartesian-axis-tick-line"
              fill="none"
              height={260}
              orientation="left"
              stroke="#666"
              type="number"
              width={60}
              x={20}
              x1={74}
              x2={80}
              y={5}
              y1={70}
              y2={70}
            />
            <text
              className="recharts-text recharts-cartesian-axis-tick-value"
              fill="#666"
              height={260}
              orientation="left"
              stroke="none"
              textAnchor="end"
              type="number"
              width={60}
              x={72}
              y={70}
            >
              <tspan
                dy="0.355em"
                x={72}
              >
                18
              </tspan>
            </text>
          </g>
          <g
            className="recharts-layer recharts-cartesian-axis-tick"
          >
            <line
              className="recharts-cartesian-axis-tick-line"
              fill="none"
              height={260}
              orientation="left"
              stroke="#666"
              type="number"
              width={60}
              x={20}
              x1={74}
              x2={80}
              y={5}
              y1={5}
              y2={5}
            />
            <text
              className="recharts-text recharts-cartesian-axis-tick-value"
              fill="#666"
              height={260}
              orientation="left"
              stroke="none"
              textAnchor="end"
              type="number"
              width={60}
              x={72}
              y={5}
            >
              <tspan
                dy="0.355em"
                x={72}
              >
                24
              </tspan>
            </text>
          </g>
        </g>
        <text
          className="recharts-text recharts-label"
          fill="rgb(129, 106, 235)"
          offset={5}
          textAnchor="start"
          x={25}
          y={135}
        >
          <tspan
            dy="0.355em"
            x={25}
          >
            Â°C
          </tspan>
        </text>
      </g>
      <g
        className="recharts-layer recharts-line"
      >
        <path
          className="recharts-curve recharts-line-curve"
          clipPath={null}
          d="M80,26.666666666666675C129.44444444444446,26.666666666666675,178.88888888888889,26.666666666666675,228.33333333333334,26.666666666666675C277.77777777777777,26.666666666666675,327.22222222222223,113.33333333333333,376.6666666666667,113.33333333333333C426.11111111111114,113.33333333333333,475.55555555555554,26.666666666666675,525,26.666666666666675C574.4444444444445,26.666666666666675,623.8888888888889,26.666666666666675,673.3333333333334,26.666666666666675C722.7777777777778,26.666666666666675,772.2222222222223,113.33333333333333,821.6666666666667,113.33333333333333C871.1111111111112,113.33333333333333,920.5555555555555,91.66666666666667,970,70"
          fill="none"
          height={260}
          points={
            Array [
              Object {
                "payload": Object {
                  "name": "Mon",
                  "temperature": 22,
                },
                "value": 22,
                "x": 80,
                "y": 26.666666666666675,
              },
              Object {
                "payload": Object {
                  "name": "Tue",
                  "temperature": 22,
                },
                "value": 22,
                "x": 228.33333333333334,
                "y": 26.666666666666675,
              },
              Object {
                "payload": Object {
                  "name": "Wed",
                  "temperature": 14,
                },
                "value": 14,
                "x": 376.6666666666667,
                "y": 113.33333333333333,
              },
              Object {
                "payload": Object {
                  "name": "Thur",
                  "temperature": 22,
                },
                "value": 22,
                "x": 525,
                "y": 26.666666666666675,
              },
              Object {
                "payload": Object {
                  "name": "Fri",
                  "temperature": 22,
                },
                "value": 22,
                "x": 673.3333333333334,
                "y": 26.666666666666675,
              },
              Object {
                "payload": Object {
                  "name": "Sat",
                  "temperature": 14,
                },
                "value": 14,
                "x": 821.6666666666667,
                "y": 113.33333333333333,
              },
              Object {
                "payload": Object {
                  "name": "Sun",
                  "temperature": 18,
                },
                "value": 18,
                "x": 970,
                "y": 70,
              },
            ]
          }
          stroke="#8884d8"
          strokeDasharray="0px 0px"
          strokeWidth={1}
          type="monotone"
          width={890}
        />
      </g>
    </svg>
    <div
      className="recharts-legend-wrapper"
      style={
        Object {
          "bottom": 5,
          "height": "auto",
          "left": 20,
          "position": "absolute",
          "width": 950,
        }
      }
    >
      <ul
        className="recharts-default-legend"
        style={
          Object {
            "margin": 0,
            "padding": 0,
            "textAlign": "center",
          }
        }
      >
        <li
          className="recharts-legend-item legend-item-0"
          style={
            Object {
              "display": "inline-block",
              "marginRight": 10,
            }
          }
        >
          <svg
            className="recharts-surface"
            height={14}
            style={
              Object {
                "display": "inline-block",
                "marginRight": 4,
                "verticalAlign": "middle",
              }
            }
            version="1.1"
            viewBox="0 0 32 32"
            width={14}
          >
            <path
              className="recharts-legend-icon"
              d="M0,16h10.666666666666666
            A5.333333333333333,5.333333333333333,0,1,1,21.333333333333332,16
            H32M21.333333333333332,16
            A5.333333333333333,5.333333333333333,0,1,1,10.666666666666666,16"
              fill="none"
              stroke="#8884d8"
              strokeWidth={4}
            />
          </svg>
          <span
            className="recharts-legend-item-text"
            style={
              Object {
                "color": "#8884d8",
              }
            }
          >
            temperature
          </span>
        </li>
      </ul>
    </div>
    <div
      className="recharts-tooltip-wrapper"
      style={
        Object {
          "MozTransform": "translate(undefinedpx, undefinedpx)",
          "OTransform": "translate(undefinedpx, undefinedpx)",
          "WebkitTransform": "translate(undefinedpx, undefinedpx)",
          "left": 0,
          "msTransform": "translate(undefinedpx, undefinedpx)",
          "pointerEvents": "none",
          "position": "absolute",
          "top": 0,
          "transform": "translate(undefinedpx, undefinedpx)",
          "visibility": "hidden",
        }
      }
    >
      <div
        className="recharts-default-tooltip"
        style={
          Object {
            "backgroundColor": "#fff",
            "border": "1px solid #ccc",
            "margin": 0,
            "padding": 10,
            "whiteSpace": "nowrap",
          }
        }
      >
        <p
          className="recharts-tooltip-label"
          style={
            Object {
              "margin": 0,
            }
          }
        />
      </div>
    </div>
  </div>
</div>
`;
